[train] Device: mps
[train] Building dataset: uthar
[train] Train: 3977 | Val: 496 | Test: 500 samples
[train] Building model: cnn
[train] Trainable parameters: 93,799

[train] Starting training for 50 epochs …

Epoch   1/50 | loss=1.5928 acc=0.3916 | val_loss=1.6802 val_acc=0.3286 | 25.2s
[EarlyStopping] New best score: 1.680180
[EarlyStopping] Checkpoint saved → checkpoints/best_cnn_uthar.pt
Epoch   2/50 | loss=1.2428 acc=0.5008 | val_loss=1.0465 val_acc=0.5665 | 16.7s
[EarlyStopping] New best score: 1.046546
[EarlyStopping] Checkpoint saved → checkpoints/best_cnn_uthar.pt
Epoch   3/50 | loss=1.1560 acc=0.5260 | val_loss=1.0314 val_acc=0.5605 | 16.8s
[EarlyStopping] New best score: 1.031386
[EarlyStopping] Checkpoint saved → checkpoints/best_cnn_uthar.pt
Epoch   4/50 | loss=1.1075 acc=0.5504 | val_loss=1.0664 val_acc=0.5423 | 17.0s
[EarlyStopping] No improvement for 1/10 epochs (best=1.031386, current=1.066362)
Epoch   5/50 | loss=1.0678 acc=0.5466 | val_loss=1.1041 val_acc=0.5141 | 13.9s
[EarlyStopping] No improvement for 2/10 epochs (best=1.031386, current=1.104150)
Epoch   6/50 | loss=1.0396 acc=0.5779 | val_loss=0.9339 val_acc=0.6129 | 13.1s
[EarlyStopping] New best score: 0.933897
[EarlyStopping] Checkpoint saved → checkpoints/best_cnn_uthar.pt
Epoch   7/50 | loss=1.0001 acc=0.5890 | val_loss=0.9931 val_acc=0.6089 | 13.2s
[EarlyStopping] No improvement for 1/10 epochs (best=0.933897, current=0.993068)
Epoch   8/50 | loss=0.9917 acc=0.5973 | val_loss=1.0220 val_acc=0.5625 | 13.2s
[EarlyStopping] No improvement for 2/10 epochs (best=0.933897, current=1.021977)
Epoch   9/50 | loss=0.9805 acc=0.5932 | val_loss=1.1162 val_acc=0.5181 | 13.2s
[EarlyStopping] No improvement for 3/10 epochs (best=0.933897, current=1.116213)
Epoch  10/50 | loss=0.9738 acc=0.6061 | val_loss=0.8757 val_acc=0.6633 | 14.3s
[EarlyStopping] New best score: 0.875702
[EarlyStopping] Checkpoint saved → checkpoints/best_cnn_uthar.pt
Epoch  11/50 | loss=0.9611 acc=0.6086 | val_loss=0.9545 val_acc=0.6391 | 13.2s
[EarlyStopping] No improvement for 1/10 epochs (best=0.875702, current=0.954481)
Epoch  12/50 | loss=0.9391 acc=0.6278 | val_loss=0.8862 val_acc=0.6734 | 13.1s
[EarlyStopping] No improvement for 2/10 epochs (best=0.875702, current=0.886185)
Epoch  13/50 | loss=0.9370 acc=0.6197 | val_loss=0.8718 val_acc=0.6794 | 13.0s
[EarlyStopping] New best score: 0.871798
[EarlyStopping] Checkpoint saved → checkpoints/best_cnn_uthar.pt
Epoch  14/50 | loss=0.9150 acc=0.6328 | val_loss=1.4348 val_acc=0.3972 | 13.1s
[EarlyStopping] No improvement for 1/10 epochs (best=0.871798, current=1.434831)
Epoch  15/50 | loss=0.9036 acc=0.6429 | val_loss=1.0022 val_acc=0.5988 | 13.2s
[EarlyStopping] No improvement for 2/10 epochs (best=0.871798, current=1.002215)
Epoch  16/50 | loss=0.9014 acc=0.6293 | val_loss=0.8278 val_acc=0.7077 | 13.2s
[EarlyStopping] New best score: 0.827801
[EarlyStopping] Checkpoint saved → checkpoints/best_cnn_uthar.pt
Epoch  17/50 | loss=0.8950 acc=0.6366 | val_loss=0.8540 val_acc=0.6694 | 13.1s
[EarlyStopping] No improvement for 1/10 epochs (best=0.827801, current=0.854049)
Epoch  18/50 | loss=0.8855 acc=0.6464 | val_loss=0.8355 val_acc=0.6673 | 13.1s
[EarlyStopping] No improvement for 2/10 epochs (best=0.827801, current=0.835476)
Epoch  19/50 | loss=0.8737 acc=0.6479 | val_loss=0.8635 val_acc=0.6613 | 13.1s
[EarlyStopping] No improvement for 3/10 epochs (best=0.827801, current=0.863487)
Epoch  20/50 | loss=0.8754 acc=0.6447 | val_loss=0.9739 val_acc=0.5827 | 13.1s
[EarlyStopping] No improvement for 4/10 epochs (best=0.827801, current=0.973912)
Epoch  21/50 | loss=0.8607 acc=0.6663 | val_loss=0.9199 val_acc=0.6532 | 13.3s
[EarlyStopping] No improvement for 5/10 epochs (best=0.827801, current=0.919910)
Epoch  22/50 | loss=0.8583 acc=0.6593 | val_loss=0.8352 val_acc=0.6794 | 18.3s
[EarlyStopping] No improvement for 6/10 epochs (best=0.827801, current=0.835166)
Epoch  23/50 | loss=0.8618 acc=0.6620 | val_loss=1.0048 val_acc=0.5665 | 13.4s
[EarlyStopping] No improvement for 7/10 epochs (best=0.827801, current=1.004772)
Epoch  24/50 | loss=0.8380 acc=0.6706 | val_loss=0.8007 val_acc=0.6895 | 13.2s
[EarlyStopping] New best score: 0.800669
[EarlyStopping] Checkpoint saved → checkpoints/best_cnn_uthar.pt
Epoch  25/50 | loss=0.8509 acc=0.6573 | val_loss=0.9989 val_acc=0.5383 | 13.2s
[EarlyStopping] No improvement for 1/10 epochs (best=0.800669, current=0.998934)
Epoch  26/50 | loss=0.8374 acc=0.6709 | val_loss=0.7652 val_acc=0.7278 | 18.3s
[EarlyStopping] New best score: 0.765228
[EarlyStopping] Checkpoint saved → checkpoints/best_cnn_uthar.pt
Epoch  27/50 | loss=0.8277 acc=0.6769 | val_loss=0.7875 val_acc=0.6875 | 18.5s
[EarlyStopping] No improvement for 1/10 epochs (best=0.765228, current=0.787493)
Epoch  28/50 | loss=0.8153 acc=0.6789 | val_loss=0.7674 val_acc=0.7218 | 13.1s
[EarlyStopping] No improvement for 2/10 epochs (best=0.765228, current=0.767424)
Epoch  29/50 | loss=0.8131 acc=0.6825 | val_loss=0.7720 val_acc=0.7097 | 13.2s
[EarlyStopping] No improvement for 3/10 epochs (best=0.765228, current=0.771971)
Epoch  30/50 | loss=0.7979 acc=0.6878 | val_loss=0.8223 val_acc=0.6754 | 13.2s
[EarlyStopping] No improvement for 4/10 epochs (best=0.765228, current=0.822311)
Epoch  31/50 | loss=0.8121 acc=0.6842 | val_loss=0.7982 val_acc=0.6653 | 13.6s
[EarlyStopping] No improvement for 5/10 epochs (best=0.765228, current=0.798218)
Epoch  32/50 | loss=0.8083 acc=0.6842 | val_loss=0.7673 val_acc=0.6794 | 13.2s
[EarlyStopping] No improvement for 6/10 epochs (best=0.765228, current=0.767263)
Epoch  33/50 | loss=0.8154 acc=0.6827 | val_loss=0.7431 val_acc=0.7258 | 13.1s
[EarlyStopping] New best score: 0.743052
[EarlyStopping] Checkpoint saved → checkpoints/best_cnn_uthar.pt
Epoch  34/50 | loss=0.7849 acc=0.6976 | val_loss=0.7357 val_acc=0.7440 | 13.1s
[EarlyStopping] New best score: 0.735658
[EarlyStopping] Checkpoint saved → checkpoints/best_cnn_uthar.pt
Epoch  35/50 | loss=0.7888 acc=0.6910 | val_loss=0.9061 val_acc=0.6149 | 13.1s
[EarlyStopping] No improvement for 1/10 epochs (best=0.735658, current=0.906071)
Epoch  36/50 | loss=0.7938 acc=0.6837 | val_loss=0.8872 val_acc=0.6270 | 13.2s
[EarlyStopping] No improvement for 2/10 epochs (best=0.735658, current=0.887226)
Epoch  37/50 | loss=0.7694 acc=0.7041 | val_loss=0.7645 val_acc=0.6976 | 13.1s
[EarlyStopping] No improvement for 3/10 epochs (best=0.735658, current=0.764472)
Epoch  38/50 | loss=0.7809 acc=0.6951 | val_loss=0.7187 val_acc=0.7500 | 13.3s
[EarlyStopping] New best score: 0.718650
[EarlyStopping] Checkpoint saved → checkpoints/best_cnn_uthar.pt
Epoch  39/50 | loss=0.7730 acc=0.6983 | val_loss=0.7035 val_acc=0.7520 | 13.3s
[EarlyStopping] New best score: 0.703507
[EarlyStopping] Checkpoint saved → checkpoints/best_cnn_uthar.pt
Epoch  40/50 | loss=0.7809 acc=0.6920 | val_loss=0.7067 val_acc=0.7540 | 13.2s
[EarlyStopping] No improvement for 1/10 epochs (best=0.703507, current=0.706681)
Epoch  41/50 | loss=0.7537 acc=0.7137 | val_loss=0.7366 val_acc=0.7137 | 13.2s
[EarlyStopping] No improvement for 2/10 epochs (best=0.703507, current=0.736566)
Epoch  42/50 | loss=0.7645 acc=0.7021 | val_loss=0.7162 val_acc=0.7419 | 13.1s
[EarlyStopping] No improvement for 3/10 epochs (best=0.703507, current=0.716158)
Epoch  43/50 | loss=0.7482 acc=0.7104 | val_loss=0.7005 val_acc=0.7540 | 13.2s
[EarlyStopping] New best score: 0.700481
[EarlyStopping] Checkpoint saved → checkpoints/best_cnn_uthar.pt
Epoch  44/50 | loss=0.7548 acc=0.7059 | val_loss=0.7039 val_acc=0.7480 | 13.3s
[EarlyStopping] No improvement for 1/10 epochs (best=0.700481, current=0.703928)
Epoch  45/50 | loss=0.7563 acc=0.7061 | val_loss=0.7097 val_acc=0.7359 | 13.1s
[EarlyStopping] No improvement for 2/10 epochs (best=0.700481, current=0.709682)
Epoch  46/50 | loss=0.7641 acc=0.7056 | val_loss=0.7057 val_acc=0.7500 | 13.0s
[EarlyStopping] No improvement for 3/10 epochs (best=0.700481, current=0.705710)
Epoch  47/50 | loss=0.7468 acc=0.7124 | val_loss=0.6944 val_acc=0.7581 | 13.5s
[EarlyStopping] New best score: 0.694424
[EarlyStopping] Checkpoint saved → checkpoints/best_cnn_uthar.pt
Epoch  48/50 | loss=0.7610 acc=0.7104 | val_loss=0.6945 val_acc=0.7581 | 13.2s
[EarlyStopping] No improvement for 1/10 epochs (best=0.694424, current=0.694548)
Epoch  49/50 | loss=0.7562 acc=0.7024 | val_loss=0.6957 val_acc=0.7601 | 13.2s
[EarlyStopping] No improvement for 2/10 epochs (best=0.694424, current=0.695740)
Epoch  50/50 | loss=0.7514 acc=0.7109 | val_loss=0.6971 val_acc=0.7560 | 13.0s
[EarlyStopping] No improvement for 3/10 epochs (best=0.694424, current=0.697050)

[train] Training complete in 11.7 min.
[visualise] Saved → logs/training_curves_cnn_uthar.png

[train] Loading best checkpoint for test evaluation …

============================================================
TEST ACCURACY: 0.7640
============================================================
              precision    recall  f1-score   support

    lie_down       0.57      0.79      0.66        66
        fall       0.78      0.64      0.71        45
     pick_up       0.95      0.99      0.97       147
         run       0.67      0.48      0.56        50
    sit_down       0.85      0.87      0.86       121
    stand_up       0.39      0.47      0.43        40
        walk       0.73      0.26      0.38        31

    accuracy                           0.76       500
   macro avg       0.71      0.64      0.65       500
weighted avg       0.77      0.76      0.76       500

[train] Results saved → logs/results_20260903_170543.json
